
> loan-analytics-dashboard@1.0.0 test:api:assessment-expectations
> cucumber-js --profile apiAssessmentExpectations

(node:35924) ExperimentalWarning: SQLite is an experimental feature and might change at any time
(Use `node --trace-warnings ...` to show where the warning was created)
....F-....F-....F-...F-..

Failed scenarios:
  1) A post with an excessively long title is rejected with a client error # tests\features\api\create-post-assessment-expectations.feature:18
       And the response status is a 4xx client error # tests\step-definitions\api.steps.ts:60
           Error: expected a 4xx rejection, got 201
           
           expect(received).toBeGreaterThanOrEqual(expected)
           
           Expected: >= 400
           Received:    201
               at captureRawStack (E:\vinu\Streamhub Fullstack\node_modules\playwright-core\lib\coreBundle.js:8588:17)
               at callMatcherAsStep (E:\vinu\Streamhub Fullstack\node_modules\playwright\lib\matchers\expect.js:13310:57)
               at Object.toBeGreaterThanOrEqual (E:\vinu\Streamhub Fullstack\node_modules\playwright\lib\matchers\expect.js:13302:23)
               at TestWorld.<anonymous> (E:\vinu\Streamhub Fullstack\tests\step-definitions\api.steps.ts:62:61)
  2) A post with unsupported special characters in the title is rejected with a client error # tests\features\api\create-post-assessment-expectations.feature:19
       And the response status is a 4xx client error # tests\step-definitions\api.steps.ts:60
           Error: expected a 4xx rejection, got 201
           
           expect(received).toBeGreaterThanOrEqual(expected)
           
           Expected: >= 400
           Received:    201
               at captureRawStack (E:\vinu\Streamhub Fullstack\node_modules\playwright-core\lib\coreBundle.js:8588:17)
               at callMatcherAsStep (E:\vinu\Streamhub Fullstack\node_modules\playwright\lib\matchers\expect.js:13310:57)
               at Object.toBeGreaterThanOrEqual (E:\vinu\Streamhub Fullstack\node_modules\playwright\lib\matchers\expect.js:13302:23)
               at TestWorld.<anonymous> (E:\vinu\Streamhub Fullstack\tests\step-definitions\api.steps.ts:62:61)
  3) A post with no userId is rejected with a client error # tests\features\api\create-post-assessment-expectations.feature:20
       And the response status is a 4xx client error # tests\step-definitions\api.steps.ts:60
           Error: expected a 4xx rejection, got 201
           
           expect(received).toBeGreaterThanOrEqual(expected)
           
           Expected: >= 400
           Received:    201
               at captureRawStack (E:\vinu\Streamhub Fullstack\node_modules\playwright-core\lib\coreBundle.js:8588:17)
               at callMatcherAsStep (E:\vinu\Streamhub Fullstack\node_modules\playwright\lib\matchers\expect.js:13310:57)
               at Object.toBeGreaterThanOrEqual (E:\vinu\Streamhub Fullstack\node_modules\playwright\lib\matchers\expect.js:13302:23)
               at TestWorld.<anonymous> (E:\vinu\Streamhub Fullstack\tests\step-definitions\api.steps.ts:62:61)
  4) A malformed JSON body is rejected with a client error # tests\features\api\create-post-assessment-expectations.feature:22
       Then the response is not a server error # tests\step-definitions\api.steps.ts:56
           Error: server-side failure (5xx)
           
           expect(received).toBeLessThan(expected)
           
           Expected: < 500
           Received:   500
               at captureRawStack (E:\vinu\Streamhub Fullstack\node_modules\playwright-core\lib\coreBundle.js:8588:17)
               at callMatcherAsStep (E:\vinu\Streamhub Fullstack\node_modules\playwright\lib\matchers\expect.js:13310:57)
               at Object.toBeLessThan (E:\vinu\Streamhub Fullstack\node_modules\playwright\lib\matchers\expect.js:13302:23)
               at TestWorld.<anonymous> (E:\vinu\Streamhub Fullstack\tests\step-definitions\api.steps.ts:57:76)

2 hooks (2 passed)
4 scenarios (4 failed)
23 steps (15 passed, 4 skipped, 4 failed)
0m 2.980s (0m 2.960s executing your code)
