
> loan-analytics-dashboard@1.0.0 sql
> node --disable-warning=ExperimentalWarning --import tsx scripts/run-sql.ts


Scenario 1 — Round-trip transfers (within 10%, within 24 hours) (9 rows)
┌─────────┬─────────────────┬───────────┬───────────┬─────────────┬───────────────────────┬───────────────┬─────────────────┬───────────────────────┬─────────────────┬─────────────┐
│ (index) │ outbound_txn_id │ account_a │ account_b │ amount_sent │ sent_at               │ return_txn_id │ amount_returned │ returned_at           │ amount_diff_pct │ hours_apart │
├─────────┼─────────────────┼───────────┼───────────┼─────────────┼───────────────────────┼───────────────┼─────────────────┼───────────────────────┼─────────────────┼─────────────┤
│ 0       │ 1               │ 101       │ 102       │ 50000       │ '2024-03-01 09:00:00' │ 2             │ 49500           │ '2024-03-01 15:30:00' │ 1               │ 6.5         │
│ 1       │ 3               │ 103       │ 104       │ 10000       │ '2024-03-02 10:00:00' │ 4             │ 9000            │ '2024-03-02 20:00:00' │ 10              │ 10          │
│ 2       │ 7               │ 107       │ 108       │ 20000       │ '2024-03-04 12:00:00' │ 8             │ 21500           │ '2024-03-05 11:59:00' │ 7.5             │ 23.98       │
│ 3       │ 9               │ 109       │ 110       │ 75000       │ '2024-03-06 10:00:00' │ 10            │ 72000           │ '2024-03-07 10:00:00' │ 4               │ 24          │
│ 4       │ 17              │ 108       │ 109       │ 100000      │ '2024-03-13 09:00:00' │ 18            │ 95000           │ '2024-03-13 12:00:00' │ 5               │ 3           │
│ 5       │ 17              │ 108       │ 109       │ 100000      │ '2024-03-13 09:00:00' │ 20            │ 104000          │ '2024-03-14 08:00:00' │ 4               │ 23          │
│ 6       │ 23              │ 112       │ 106       │ 8000        │ '2024-03-16 09:00:00' │ 24            │ 8400            │ '2024-03-16 18:00:00' │ 5               │ 9           │
│ 7       │ 25              │ 103       │ 105       │ 2500        │ '2024-03-17 12:00:00' │ 26            │ 2500            │ '2024-03-17 12:00:00' │ 0               │ 0           │
│ 8       │ 27              │ 104       │ 106       │ 1234.56     │ '2024-03-18 08:15:00' │ 28            │ 1111.11         │ '2024-03-18 22:45:00' │ 10              │ 14.5        │
└─────────┴─────────────────┴───────────┴───────────┴─────────────┴───────────────────────┴───────────────┴─────────────────┴───────────────────────┴─────────────────┴─────────────┘

Scenario 2 — 30+ runs in at least 3 consecutive 2024 innings (6 rows)
┌─────────┬────────────────┬───────────────────┬─────────────────┬───────────────────┐
│ (index) │ player_name    │ streak_start_date │ streak_end_date │ matches_in_streak │
├─────────┼────────────────┼───────────────────┼─────────────────┼───────────────────┤
│ 0       │ 'Arjun Mehta'  │ '2024-03-22'      │ '2024-03-30'    │ 3                 │
│ 1       │ 'Nikhil Joshi' │ '2024-03-22'      │ '2024-04-03'    │ 3                 │
│ 2       │ 'Sameer Khan'  │ '2024-03-24'      │ '2024-04-01'    │ 3                 │
│ 3       │ 'Rohan Iyer'   │ '2024-03-27'      │ '2024-04-07'    │ 4                 │
│ 4       │ 'Kabir Sandhu' │ '2024-04-03'      │ '2024-04-11'    │ 3                 │
│ 5       │ 'Sameer Khan'  │ '2024-04-09'      │ '2024-04-17'    │ 3                 │
└─────────┴────────────────┴───────────────────┴─────────────────┴───────────────────┘

Evidence written to reports\sql/
